// Jest Snapshot v1, https://goo.gl/fbAQLP

exports[`App.vue renders without crashing 1`] = `
<v-app-stub
  id="app"
>
  <header-stub />
   
  <v-content-stub
    tag="main"
  >
    <div
      style="padding: 100px;"
    >
      <router-view-stub
        name="default"
      />
    </div>
  </v-content-stub>
</v-app-stub>
`;
