// Jest Snapshot v1, https://goo.gl/fbAQLP

exports[`Home.vue renders without crashing 1`] = `<helloworld-stub />`;
