// Jest Snapshot v1, https://goo.gl/fbAQLP

exports[`Profile.vue renders without crashing 1`] = `
<div>
  <profile-stub />
</div>
`;
